# Tests that the algorithm favors the path with the lexicographical least book title if the child names are equal

# To run this test, the marvel dataset must exist at
# hw-marvel/src/main/resources/data/alphabet2.tsv

loaded graph alpha2

path from A to B:
A to C via connection1
C to B via connection2

path from B to A:
B to C via connection2
C to A via connection1