# Tests that self paths from characters to itself have the desired output

# To run this test, the marvel dataset must exist at
# hw-marvel/src/main/resources/data/marvel.tsv

loaded graph marvel

path from DRAGONMEGAS, JESSIE to DRAGONMEGAS, JESSIE: