# Test the parser on a the soccer database that contains several nodes
# with two edges each.

loaded graph soccer
the children of Neymar in soccer are: Leo Messi(Barcelona) Mbappe(PSG)