# Tests that the path between Messi and Neymar is the shortest path(a direct path)

# To run this test, the soccer dataset must exist at
# hw-marvel/src/main/resources/data/soccer.tsv

loaded graph soccer

path from Leo Messi to Neymar:
Leo Messi to Neymar via Barcelona