# Creates a single graph with no nodes lists the nodes.

# Create a Graph
created graph graph1

# Lists the nodes
graph1 contains:
