# Creates a single graph and adds one node to it and lists it.

# Create a graph
created graph graph1

# Add a Node
added node n1 to graph1

# Lists the nodes
graph1 contains: n1