# tests that adding edges does not affect the ListNodes method

# Create a Graph
created graph graph1

# Add a pair of nodes
added node n1 to graph1
added node n2 to graph1

# Add an edge between from n1 to n2
added edge e1 from n1 to n2 in graph1

# Lists the nodes
graph1 contains: n1 n2