# Creates a single graph, adds two nodes, and adds two edges between the two nodes.

# Create a Graph
created graph graph1

# Add a pair of nodes
added node n1 to graph1
added node n2 to graph1

# Add two edges between the two nodes
added edge 1010.000 from n1 to n2 in graph1
added edge 2020.000 from n2 to n1 in graph1