# Tests some edge cases with the output format of the scripting language.
# Your MarvelTestDriver implementation should pass this test without you needing
# to change this test.

created graph g

added node n1 to g
added node n2 to g
added node n3 to g
added edge 25.000 from n1 to n2 in g

path from n1 to n2:
n1 to n2 with weight 25.000
total cost: 25.000

path from n1 to n3:
no path found

unknown node x

unknown node x

unknown node x
unknown node y

unknown node y
unknown node x

unknown node x
unknown node x

path from n1 to n1:
total cost: 0.000