# listing the children of the parent node in a graph where there is a self edge

# Create a Graph
created graph graph1

# Add a nodes
added node n1 to graph1

# adds a self edge
added edge 25.000 from n1 to n1 in graph1

# List the children
the children of n1 in graph1 are: n1(25.0)